2026-10-06T12:23:40.856Z INFO Organization process started
2026-10-06T12:23:40.868Z INFO Moves 1.2_AI_Fluency_Summary_16x9.pdf -> documents
2026-10-06T12:23:40.871Z INFO Moves 1.2_AI_Fluency_Summary_One-Pager.pdf -> documents
2026-10-06T12:23:40.872Z INFO Moves 4556481869.pdf -> documents
2026-10-06T12:23:40.873Z INFO Moves AI_Fluency_vocabulary_cheat_sheet.pdf -> documents
2026-10-06T12:23:40.885Z INFO Moves antony-renold-dickson-k---dpn-resume-2026-09-17.docx -> documents
2026-10-06T12:23:40.886Z INFO Moves Antony_Renold_Dickson_K.pdf -> documents
2026-10-06T12:23:40.888Z INFO Moves Antony_Renold_Dickson_K_Resume.docx -> documents
2026-10-06T12:23:40.889Z INFO Moves AUTO_RECEIPT_RD17892958725341129.pdf -> documents
2026-10-06T12:23:40.891Z INFO Moves bars-filter-svgrepo-com.svg -> other
2026-10-06T12:23:40.892Z INFO Moves certificate-ajaa86pmfkko-1790250821.pdf -> documents
2026-10-06T12:23:40.893Z INFO Moves certificate-cwh6qjr4n5kn-1790309040.pdf -> documents
2026-10-06T12:23:40.894Z INFO Moves certificate-mb8re5aeaasp-1790243701.pdf -> documents
2026-10-06T12:23:40.895Z INFO Moves certificate.webp -> other
2026-10-06T12:23:40.896Z INFO Moves close-svgrepo-com.svg -> other
2026-10-06T12:23:40.897Z INFO Moves Corporate Card for USI.pdf -> documents
2026-10-06T12:23:40.898Z INFO Moves DCI-27315-50958961.pdf -> documents
2026-10-06T12:23:40.899Z INFO Moves Deloitte revised offer letter.pdf -> documents
2026-10-06T12:23:40.900Z INFO Moves Fundamentals of Independence - Resources.pdf -> documents
2026-10-06T12:23:40.901Z INFO Moves Graduity nomination.pdf -> documents
2026-10-06T12:23:40.902Z INFO Moves IMG_20260925_095744_717.jpg -> images
2026-10-06T12:23:40.903Z INFO Moves Insurance nomination form.pdf -> documents
2026-10-06T12:23:40.904Z INFO Moves jestus_resume_09_02.docx -> documents
2026-10-06T12:23:40.905Z INFO Moves NicePng_add-to-cart-png_2852098.png -> images
2026-10-06T12:23:40.906Z INFO Moves node-v24.21.0-x64.msi -> packages
2026-10-06T12:23:40.907Z INFO Moves nomination forms.zip -> other
2026-10-06T12:23:40.909Z INFO Moves OneDrive_1_21-9-2026.zip -> other
2026-10-06T12:23:40.910Z INFO Moves OP_Structure_New.pptx -> other
2026-10-06T12:23:40.910Z INFO Moves Pf nomination form.pdf -> documents
2026-10-06T12:23:40.911Z INFO Moves problem-statement.md -> documents
2026-10-06T12:23:40.912Z INFO Moves rithvick_resume_08_19.docx -> documents
2026-10-06T12:23:40.913Z INFO Moves shopping-cart-outline-svgrepo-com.svg -> other
2026-10-06T12:23:40.914Z INFO Moves signature.jpg -> images
2026-10-06T12:23:40.915Z INFO Moves solution.md -> documents
2026-10-06T12:23:40.916Z INFO Moves The-Learning-Champion-ImpactDay2026.png -> images
2026-10-06T12:23:40.917Z INFO Moves Unconfirmed 10072.crdownload -> other
2026-10-06T12:23:40.918Z INFO Moves USI_CS_Onboarding_Program_-_Know_Your_Leaders_New.pptx -> other
2026-10-06T12:23:40.919Z INFO Moves USI_Relocation Assistance Form.docx -> documents
2026-10-06T12:23:40.920Z INFO Moves VSCodeUserSetup-x64-1.139.0.exe -> packages
2026-10-06T12:23:40.921Z INFO Organization process completed
2026-10-06T12:23:40.921Z INFO Moves vue3_complete_interview_notes.md -> documents
